
  .   ____          _            __ _ _
 /\\ / ___'_ __ _ _(_)_ __  __ _ \ \ \ \
( ( )\___ | '_ | '_| | '_ \/ _` | \ \ \ \
 \\/  ___)| |_)| | | | | || (_| |  ) ) ) )
  '  |____| .__|_| |_|_| |_\__, | / / / /
 =========|_|==============|___/=/_/_/_/

 :: Spring Boot ::                (v4.1.0)

2026-09-27T15:31:33.627+07:00  INFO 16520 --- [api] [           main] com.api.ApiApplication                   : Starting ApiApplication v0.0.1-SNAPSHOT using Java 21.0.12 with PID 16520 (C:\CamV4\CamFix\Backend\build\libs\api.jar started by Oxy in C:\CamV4\CamFix\Backend)
2026-09-27T15:31:33.628+07:00  INFO 16520 --- [api] [           main] com.api.ApiApplication                   : No active profile set, falling back to 1 default profile: "default"
2026-09-27T15:31:37.003+07:00  INFO 16520 --- [api] [           main] .s.d.r.c.RepositoryConfigurationDelegate : Bootstrapping Spring Data JPA repositories in DEFAULT mode.
2026-09-27T15:31:37.369+07:00  INFO 16520 --- [api] [           main] .s.d.r.c.RepositoryConfigurationDelegate : Finished Spring Data repository scanning in 315 ms. Found 17 JPA repository interfaces.
2026-09-27T15:31:39.660+07:00  INFO 16520 --- [api] [           main] o.s.boot.tomcat.TomcatWebServer          : Tomcat initialized with port 8081 (http)
2026-09-27T15:31:39.711+07:00  INFO 16520 --- [api] [           main] o.apache.catalina.core.StandardService   : Starting service [Tomcat]
2026-09-27T15:31:39.713+07:00  INFO 16520 --- [api] [           main] o.apache.catalina.core.StandardEngine    : Starting Servlet engine: [Apache Tomcat/11.0.22]
2026-09-27T15:31:39.823+07:00  INFO 16520 --- [api] [           main] b.w.c.s.WebApplicationContextInitializer : Root WebApplicationContext: initialization completed in 5975 ms
2026-09-27T15:31:40.521+07:00  INFO 16520 --- [api] [           main] org.hibernate.orm.jpa                    : HHH008540: Processing PersistenceUnitInfo [name: default]
2026-09-27T15:31:40.795+07:00  INFO 16520 --- [api] [           main] org.hibernate.orm.core                   : HHH000001: Hibernate ORM core version 7.4.1.Final
2026-09-27T15:31:42.679+07:00  INFO 16520 --- [api] [           main] o.s.o.j.p.SpringPersistenceUnitInfo      : No LoadTimeWeaver setup: ignoring JPA class transformer
2026-09-27T15:31:42.792+07:00  INFO 16520 --- [api] [           main] com.zaxxer.hikari.HikariDataSource       : HikariPool-1 - Starting...
2026-09-27T15:31:43.286+07:00  INFO 16520 --- [api] [           main] com.zaxxer.hikari.pool.HikariPool        : HikariPool-1 - Added connection com.mysql.cj.jdbc.ConnectionImpl@49665f92
2026-09-27T15:31:43.293+07:00  INFO 16520 --- [api] [           main] com.zaxxer.hikari.HikariDataSource       : HikariPool-1 - Start completed.
2026-09-27T15:31:43.530+07:00  INFO 16520 --- [api] [           main] org.hibernate.orm.connections.pooling    : HHH10001005: Database info:
	Database JDBC URL [jdbc:mysql://localhost:3306/CamFix?useSSL=false&allowPublicKeyRetrieval=true&serverTimezone=UTC]
	Database driver: MySQL Connector/J
	Database dialect: MySQLDialect
	Database version: 8.0.46
	Default catalog/schema: CamFix/undefined
	Autocommit mode: undefined/unknown
	Isolation level: REPEATABLE_READ [default REPEATABLE_READ]
	JDBC fetch size: none
	Pool: DataSourceConnectionProvider
	Minimum pool size: undefined/unknown
	Maximum pool size: undefined/unknown
2026-09-27T15:31:48.126+07:00  INFO 16520 --- [api] [           main] org.hibernate.orm.core                   : HHH000489: No JTA platform available (set 'hibernate.transaction.jta.platform' to enable JTA platform integration)
2026-09-27T15:31:48.392+07:00  INFO 16520 --- [api] [           main] j.LocalContainerEntityManagerFactoryBean : Initialized JPA EntityManagerFactory for persistence unit 'default'
2026-09-27T15:31:48.593+07:00  INFO 16520 --- [api] [           main] o.s.d.j.r.query.QueryEnhancerFactories   : Hibernate is in classpath; If applicable, HQL parser will be used.
2026-09-27T15:31:51.594+07:00  WARN 16520 --- [api] [           main] com.api.Config.SmsConfig                 : SMS: no provider configured - OTP codes will only be logged. Set app.sms.twilio.* (env TWILIO_*) or app.sms.textbelt.key (env TEXTBELT_KEY).
2026-09-27T15:31:51.684+07:00  WARN 16520 --- [api] [           main] com.api.Config.MailConfig                : Mail: no SMTP configured - OTP emails will only be logged. Set spring.mail.host / spring.mail.username / spring.mail.password (env MAIL_USERNAME / MAIL_PASSWORD for Gmail).
2026-09-27T15:31:53.496+07:00  WARN 16520 --- [api] [           main] .s.a.UserDetailsServiceAutoConfiguration : 

Using generated security password: cc097a0a-9364-4404-9421-6912da2e7d18

This generated password is for development use only. Your security configuration must be updated before running your application in production.

2026-09-27T15:31:53.523+07:00  INFO 16520 --- [api] [           main] r$InitializeUserDetailsManagerConfigurer : Global AuthenticationManager configured with UserDetailsService bean with name inMemoryUserDetailsManager
2026-09-27T15:31:56.155+07:00  INFO 16520 --- [api] [           main] o.s.boot.tomcat.TomcatWebServer          : Tomcat started on port 8081 (http) with context path '/'
2026-09-27T15:31:56.204+07:00  INFO 16520 --- [api] [           main] com.api.ApiApplication                   : Started ApiApplication in 23.831 seconds (process running for 25.384)
2026-09-27T15:31:56.213+07:00  WARN 16520 --- [api] [           main] o.s.core.events.SpringDocAppInitializer  : SpringDoc /v3/api-docs endpoint is enabled by default. To disable it in production, set the property 'springdoc.api-docs.enabled=false'
2026-09-27T15:31:56.214+07:00  WARN 16520 --- [api] [           main] o.s.core.events.SpringDocAppInitializer  : SpringDoc /swagger-ui.html endpoint is enabled by default. To disable it in production, set the property 'springdoc.swagger-ui.enabled=false'
2026-09-27T15:32:02.986+07:00  INFO 16520 --- [api] [nio-8081-exec-1] o.a.c.c.C.[Tomcat].[localhost].[/]       : Initializing Spring DispatcherServlet 'dispatcherServlet'
2026-09-27T15:32:02.988+07:00  INFO 16520 --- [api] [nio-8081-exec-1] o.s.web.servlet.DispatcherServlet        : Initializing Servlet 'dispatcherServlet'
2026-09-27T15:32:02.995+07:00  INFO 16520 --- [api] [nio-8081-exec-1] o.s.web.servlet.DispatcherServlet        : Completed initialization in 5 ms
Hibernate: 
    select
        u1_0.Userid,
        u1_0.created_at,
        u1_0.DateofBirth,
        u1_0.Email,
        u1_0.Full_name,
        u1_0.Last_name,
        u1_0.Password_hash,
        u1_0.Phone_number,
        u1_0.Profile_image,
        u1_0.ROLE,
        u1_0.STATUS,
        u1_0.updated_at 
    from
        users u1_0 
    where
        u1_0.Email=?
Hibernate: 
    select
        j1_0.id,
        j1_0.address,
        j1_0.assigned_at,
        j1_0.bench_fee,
        j1_0.booking_type,
        j1_0.category,
        j1_0.completed_at,
        j1_0.created_at,
        j1_0.customer_name,
        j1_0.customer_phone,
        j1_0.customer_user_id,
        j1_0.description,
        j1_0.lat,
        j1_0.lng,
        j1_0.notes,
        j1_0.scheduled_at,
        j1_0.starting_price,
        j1_0.status,
        j1_0.technician_id,
        j1_0.technician_service_id 
    from
        job j1_0
Hibernate: 
    select
        t1_0.technician_id,
        t1_0.approval_status,
        t1_0.approved_at,
        t1_0.availability_status,
        t1_0.average_rating,
        t1_0.banner,
        t1_0.banner_content_type,
        t1_0.banner_title,
        t1_0.business_name,
        t1_0.category_id,
        t1_0.created_at,
        t1_0.description,
        t1_0.experience_year,
        t1_0.face_photo,
        t1_0.id_card,
        t1_0.identity_email_verified,
        t1_0.opening_hours,
        t1_0.photo,
        t1_0.photo_content_type,
        t1_0.rating_count,
        t1_0.rejection_reason,
        t1_0.service_area,
        t1_0.updated_at,
        t1_0.user_id,
        t1_0.verified 
    from
        technician t1_0 
    where
        t1_0.technician_id=?
Hibernate: 
    select
        u1_0.Userid,
        u1_0.created_at,
        u1_0.DateofBirth,
        u1_0.Email,
        u1_0.Full_name,
        u1_0.Last_name,
        u1_0.Password_hash,
        u1_0.Phone_number,
        u1_0.Profile_image,
        u1_0.ROLE,
        u1_0.STATUS,
        u1_0.updated_at 
    from
        users u1_0 
    where
        u1_0.Userid=?
Hibernate: 
    select
        tll1_0.id,
        tll1_0.accuracy,
        tll1_0.created_at,
        tll1_0.last_update,
        tll1_0.latitude,
        tll1_0.longitude,
        tll1_0.technician_id 
    from
        technician_live_locations tll1_0 
    where
        tll1_0.technician_id=?
Hibernate: 
    select
        t1_0.technician_id,
        t1_0.approval_status,
        t1_0.approved_at,
        t1_0.availability_status,
        t1_0.average_rating,
        t1_0.banner,
        t1_0.banner_content_type,
        t1_0.banner_title,
        t1_0.business_name,
        t1_0.category_id,
        t1_0.created_at,
        t1_0.description,
        t1_0.experience_year,
        t1_0.face_photo,
        t1_0.id_card,
        t1_0.identity_email_verified,
        t1_0.opening_hours,
        t1_0.photo,
        t1_0.photo_content_type,
        t1_0.rating_count,
        t1_0.rejection_reason,
        t1_0.service_area,
        t1_0.updated_at,
        t1_0.user_id,
        t1_0.verified 
    from
        technician t1_0 
    where
        t1_0.technician_id=?
Hibernate: 
    select
        u1_0.Userid,
        u1_0.created_at,
        u1_0.DateofBirth,
        u1_0.Email,
        u1_0.Full_name,
        u1_0.Last_name,
        u1_0.Password_hash,
        u1_0.Phone_number,
        u1_0.Profile_image,
        u1_0.ROLE,
        u1_0.STATUS,
        u1_0.updated_at 
    from
        users u1_0 
    where
        u1_0.Userid=?
Hibernate: 
    select
        tll1_0.id,
        tll1_0.accuracy,
        tll1_0.created_at,
        tll1_0.last_update,
        tll1_0.latitude,
        tll1_0.longitude,
        tll1_0.technician_id 
    from
        technician_live_locations tll1_0 
    where
        tll1_0.technician_id=?
Hibernate: 
    select
        tll1_0.id,
        tll1_0.accuracy,
        tll1_0.created_at,
        tll1_0.last_update,
        tll1_0.latitude,
        tll1_0.longitude,
        tll1_0.technician_id 
    from
        technician_live_locations tll1_0 
    where
        tll1_0.technician_id=?
Hibernate: 
    select
        t1_0.technician_id,
        t1_0.approval_status,
        t1_0.approved_at,
        t1_0.availability_status,
        t1_0.average_rating,
        t1_0.banner,
        t1_0.banner_content_type,
        t1_0.banner_title,
        t1_0.business_name,
        t1_0.category_id,
        t1_0.created_at,
        t1_0.description,
        t1_0.experience_year,
        t1_0.face_photo,
        t1_0.id_card,
        t1_0.identity_email_verified,
        t1_0.opening_hours,
        t1_0.photo,
        t1_0.photo_content_type,
        t1_0.rating_count,
        t1_0.rejection_reason,
        t1_0.service_area,
        t1_0.updated_at,
        t1_0.user_id,
        t1_0.verified 
    from
        technician t1_0 
    where
        t1_0.technician_id=?
Hibernate: 
    select
        u1_0.Userid,
        u1_0.created_at,
        u1_0.DateofBirth,
        u1_0.Email,
        u1_0.Full_name,
        u1_0.Last_name,
        u1_0.Password_hash,
        u1_0.Phone_number,
        u1_0.Profile_image,
        u1_0.ROLE,
        u1_0.STATUS,
        u1_0.updated_at 
    from
        users u1_0 
    where
        u1_0.Userid=?
Hibernate: 
    select
        tll1_0.id,
        tll1_0.accuracy,
        tll1_0.created_at,
        tll1_0.last_update,
        tll1_0.latitude,
        tll1_0.longitude,
        tll1_0.technician_id 
    from
        technician_live_locations tll1_0 
    where
        tll1_0.technician_id=?
Hibernate: 
    select
        tll1_0.id,
        tll1_0.accuracy,
        tll1_0.created_at,
        tll1_0.last_update,
        tll1_0.latitude,
        tll1_0.longitude,
        tll1_0.technician_id 
    from
        technician_live_locations tll1_0 
    where
        tll1_0.technician_id=?
Hibernate: 
    select
        tll1_0.id,
        tll1_0.accuracy,
        tll1_0.created_at,
        tll1_0.last_update,
        tll1_0.latitude,
        tll1_0.longitude,
        tll1_0.technician_id 
    from
        technician_live_locations tll1_0 
    where
        tll1_0.technician_id=?
Hibernate: 
    select
        tll1_0.id,
        tll1_0.accuracy,
        tll1_0.created_at,
        tll1_0.last_update,
        tll1_0.latitude,
        tll1_0.longitude,
        tll1_0.technician_id 
    from
        technician_live_locations tll1_0 
    where
        tll1_0.technician_id=?
Hibernate: 
    select
        tll1_0.id,
        tll1_0.accuracy,
        tll1_0.created_at,
        tll1_0.last_update,
        tll1_0.latitude,
        tll1_0.longitude,
        tll1_0.technician_id 
    from
        technician_live_locations tll1_0 
    where
        tll1_0.technician_id=?
Hibernate: 
    select
        u1_0.Userid,
        u1_0.created_at,
        u1_0.DateofBirth,
        u1_0.Email,
        u1_0.Full_name,
        u1_0.Last_name,
        u1_0.Password_hash,
        u1_0.Phone_number,
        u1_0.Profile_image,
        u1_0.ROLE,
        u1_0.STATUS,
        u1_0.updated_at 
    from
        users u1_0 
    where
        u1_0.Email=?
Hibernate: 
    select
        n1_0.notification_id,
        n1_0.created_at,
        n1_0.is_read,
        n1_0.job_id,
        n1_0.message,
        n1_0.message_km,
        n1_0.title,
        n1_0.title_km,
        n1_0.type,
        n1_0.user_id 
    from
        notification n1_0 
    where
        n1_0.user_id=? 
    order by
        n1_0.created_at desc
Hibernate: 
    select
        u1_0.Userid,
        u1_0.created_at,
        u1_0.DateofBirth,
        u1_0.Email,
        u1_0.Full_name,
        u1_0.Last_name,
        u1_0.Password_hash,
        u1_0.Phone_number,
        u1_0.Profile_image,
        u1_0.ROLE,
        u1_0.STATUS,
        u1_0.updated_at 
    from
        users u1_0 
    where
        u1_0.Email=?
Hibernate: 
    select
        j1_0.id,
        j1_0.address,
        j1_0.assigned_at,
        j1_0.bench_fee,
        j1_0.booking_type,
        j1_0.category,
        j1_0.completed_at,
        j1_0.created_at,
        j1_0.customer_name,
        j1_0.customer_phone,
        j1_0.customer_user_id,
        j1_0.description,
        j1_0.lat,
        j1_0.lng,
        j1_0.notes,
        j1_0.scheduled_at,
        j1_0.starting_price,
        j1_0.status,
        j1_0.technician_id,
        j1_0.technician_service_id 
    from
        job j1_0
Hibernate: 
    select
        t1_0.technician_id,
        t1_0.approval_status,
        t1_0.approved_at,
        t1_0.availability_status,
        t1_0.average_rating,
        t1_0.banner,
        t1_0.banner_content_type,
        t1_0.banner_title,
        t1_0.business_name,
        t1_0.category_id,
        t1_0.created_at,
        t1_0.description,
        t1_0.experience_year,
        t1_0.face_photo,
        t1_0.id_card,
        t1_0.identity_email_verified,
        t1_0.opening_hours,
        t1_0.photo,
        t1_0.photo_content_type,
        t1_0.rating_count,
        t1_0.rejection_reason,
        t1_0.service_area,
        t1_0.updated_at,
        t1_0.user_id,
        t1_0.verified 
    from
        technician t1_0 
    where
        t1_0.technician_id=?
Hibernate: 
    select
        u1_0.Userid,
        u1_0.created_at,
        u1_0.DateofBirth,
        u1_0.Email,
        u1_0.Full_name,
        u1_0.Last_name,
        u1_0.Password_hash,
        u1_0.Phone_number,
        u1_0.Profile_image,
        u1_0.ROLE,
        u1_0.STATUS,
        u1_0.updated_at 
    from
        users u1_0 
    where
        u1_0.Userid=?
Hibernate: 
    select
        tll1_0.id,
        tll1_0.accuracy,
        tll1_0.created_at,
        tll1_0.last_update,
        tll1_0.latitude,
        tll1_0.longitude,
        tll1_0.technician_id 
    from
        technician_live_locations tll1_0 
    where
        tll1_0.technician_id=?
Hibernate: 
    select
        t1_0.technician_id,
        t1_0.approval_status,
        t1_0.approved_at,
        t1_0.availability_status,
        t1_0.average_rating,
        t1_0.banner,
        t1_0.banner_content_type,
        t1_0.banner_title,
        t1_0.business_name,
        t1_0.category_id,
        t1_0.created_at,
        t1_0.description,
        t1_0.experience_year,
        t1_0.face_photo,
        t1_0.id_card,
        t1_0.identity_email_verified,
        t1_0.opening_hours,
        t1_0.photo,
        t1_0.photo_content_type,
        t1_0.rating_count,
        t1_0.rejection_reason,
        t1_0.service_area,
        t1_0.updated_at,
        t1_0.user_id,
        t1_0.verified 
    from
        technician t1_0 
    where
        t1_0.technician_id=?
Hibernate: 
    select
        u1_0.Userid,
        u1_0.created_at,
        u1_0.DateofBirth,
        u1_0.Email,
        u1_0.Full_name,
        u1_0.Last_name,
        u1_0.Password_hash,
        u1_0.Phone_number,
        u1_0.Profile_image,
        u1_0.ROLE,
        u1_0.STATUS,
        u1_0.updated_at 
    from
        users u1_0 
    where
        u1_0.Userid=?
Hibernate: 
    select
        tll1_0.id,
        tll1_0.accuracy,
        tll1_0.created_at,
        tll1_0.last_update,
        tll1_0.latitude,
        tll1_0.longitude,
        tll1_0.technician_id 
    from
        technician_live_locations tll1_0 
    where
        tll1_0.technician_id=?
Hibernate: 
    select
        tll1_0.id,
        tll1_0.accuracy,
        tll1_0.created_at,
        tll1_0.last_update,
        tll1_0.latitude,
        tll1_0.longitude,
        tll1_0.technician_id 
    from
        technician_live_locations tll1_0 
    where
        tll1_0.technician_id=?
Hibernate: 
    select
        t1_0.technician_id,
        t1_0.approval_status,
        t1_0.approved_at,
        t1_0.availability_status,
        t1_0.average_rating,
        t1_0.banner,
        t1_0.banner_content_type,
        t1_0.banner_title,
        t1_0.business_name,
        t1_0.category_id,
        t1_0.created_at,
        t1_0.description,
        t1_0.experience_year,
        t1_0.face_photo,
        t1_0.id_card,
        t1_0.identity_email_verified,
        t1_0.opening_hours,
        t1_0.photo,
        t1_0.photo_content_type,
        t1_0.rating_count,
        t1_0.rejection_reason,
        t1_0.service_area,
        t1_0.updated_at,
        t1_0.user_id,
        t1_0.verified 
    from
        technician t1_0 
    where
        t1_0.technician_id=?
Hibernate: 
    select
        u1_0.Userid,
        u1_0.created_at,
        u1_0.DateofBirth,
        u1_0.Email,
        u1_0.Full_name,
        u1_0.Last_name,
        u1_0.Password_hash,
        u1_0.Phone_number,
        u1_0.Profile_image,
        u1_0.ROLE,
        u1_0.STATUS,
        u1_0.updated_at 
    from
        users u1_0 
    where
        u1_0.Userid=?
Hibernate: 
    select
        tll1_0.id,
        tll1_0.accuracy,
        tll1_0.created_at,
        tll1_0.last_update,
        tll1_0.latitude,
        tll1_0.longitude,
        tll1_0.technician_id 
    from
        technician_live_locations tll1_0 
    where
        tll1_0.technician_id=?
Hibernate: 
    select
        tll1_0.id,
        tll1_0.accuracy,
        tll1_0.created_at,
        tll1_0.last_update,
        tll1_0.latitude,
        tll1_0.longitude,
        tll1_0.technician_id 
    from
        technician_live_locations tll1_0 
    where
        tll1_0.technician_id=?
Hibernate: 
    select
        tll1_0.id,
        tll1_0.accuracy,
        tll1_0.created_at,
        tll1_0.last_update,
        tll1_0.latitude,
        tll1_0.longitude,
        tll1_0.technician_id 
    from
        technician_live_locations tll1_0 
    where
        tll1_0.technician_id=?
Hibernate: 
    select
        tll1_0.id,
        tll1_0.accuracy,
        tll1_0.created_at,
        tll1_0.last_update,
        tll1_0.latitude,
        tll1_0.longitude,
        tll1_0.technician_id 
    from
        technician_live_locations tll1_0 
    where
        tll1_0.technician_id=?
Hibernate: 
    select
        tll1_0.id,
        tll1_0.accuracy,
        tll1_0.created_at,
        tll1_0.last_update,
        tll1_0.latitude,
        tll1_0.longitude,
        tll1_0.technician_id 
    from
        technician_live_locations tll1_0 
    where
        tll1_0.technician_id=?
Hibernate: 
    select
        u1_0.Userid,
        u1_0.created_at,
        u1_0.DateofBirth,
        u1_0.Email,
        u1_0.Full_name,
        u1_0.Last_name,
        u1_0.Password_hash,
        u1_0.Phone_number,
        u1_0.Profile_image,
        u1_0.ROLE,
        u1_0.STATUS,
        u1_0.updated_at 
    from
        users u1_0 
    where
        u1_0.Email=?
Hibernate: 
    select
        n1_0.notification_id,
        n1_0.created_at,
        n1_0.is_read,
        n1_0.job_id,
        n1_0.message,
        n1_0.message_km,
        n1_0.title,
        n1_0.title_km,
        n1_0.type,
        n1_0.user_id 
    from
        notification n1_0 
    where
        n1_0.user_id=? 
    order by
        n1_0.created_at desc
Hibernate: 
    select
        u1_0.Userid,
        u1_0.created_at,
        u1_0.DateofBirth,
        u1_0.Email,
        u1_0.Full_name,
        u1_0.Last_name,
        u1_0.Password_hash,
        u1_0.Phone_number,
        u1_0.Profile_image,
        u1_0.ROLE,
        u1_0.STATUS,
        u1_0.updated_at 
    from
        users u1_0 
    where
        u1_0.Email=?
Hibernate: 
    select
        j1_0.id,
        j1_0.address,
        j1_0.assigned_at,
        j1_0.bench_fee,
        j1_0.booking_type,
        j1_0.category,
        j1_0.completed_at,
        j1_0.created_at,
        j1_0.customer_name,
        j1_0.customer_phone,
        j1_0.customer_user_id,
        j1_0.description,
        j1_0.lat,
        j1_0.lng,
        j1_0.notes,
        j1_0.scheduled_at,
        j1_0.starting_price,
        j1_0.status,
        j1_0.technician_id,
        j1_0.technician_service_id 
    from
        job j1_0
Hibernate: 
    select
        t1_0.technician_id,
        t1_0.approval_status,
        t1_0.approved_at,
        t1_0.availability_status,
        t1_0.average_rating,
        t1_0.banner,
        t1_0.banner_content_type,
        t1_0.banner_title,
        t1_0.business_name,
        t1_0.category_id,
        t1_0.created_at,
        t1_0.description,
        t1_0.experience_year,
        t1_0.face_photo,
        t1_0.id_card,
        t1_0.identity_email_verified,
        t1_0.opening_hours,
        t1_0.photo,
        t1_0.photo_content_type,
        t1_0.rating_count,
        t1_0.rejection_reason,
        t1_0.service_area,
        t1_0.updated_at,
        t1_0.user_id,
        t1_0.verified 
    from
        technician t1_0 
    where
        t1_0.technician_id=?
Hibernate: 
    select
        u1_0.Userid,
        u1_0.created_at,
        u1_0.DateofBirth,
        u1_0.Email,
        u1_0.Full_name,
        u1_0.Last_name,
        u1_0.Password_hash,
        u1_0.Phone_number,
        u1_0.Profile_image,
        u1_0.ROLE,
        u1_0.STATUS,
        u1_0.updated_at 
    from
        users u1_0 
    where
        u1_0.Userid=?
Hibernate: 
    select
        tll1_0.id,
        tll1_0.accuracy,
        tll1_0.created_at,
        tll1_0.last_update,
        tll1_0.latitude,
        tll1_0.longitude,
        tll1_0.technician_id 
    from
        technician_live_locations tll1_0 
    where
        tll1_0.technician_id=?
Hibernate: 
    select
        t1_0.technician_id,
        t1_0.approval_status,
        t1_0.approved_at,
        t1_0.availability_status,
        t1_0.average_rating,
        t1_0.banner,
        t1_0.banner_content_type,
        t1_0.banner_title,
        t1_0.business_name,
        t1_0.category_id,
        t1_0.created_at,
        t1_0.description,
        t1_0.experience_year,
        t1_0.face_photo,
        t1_0.id_card,
        t1_0.identity_email_verified,
        t1_0.opening_hours,
        t1_0.photo,
        t1_0.photo_content_type,
        t1_0.rating_count,
        t1_0.rejection_reason,
        t1_0.service_area,
        t1_0.updated_at,
        t1_0.user_id,
        t1_0.verified 
    from
        technician t1_0 
    where
        t1_0.technician_id=?
Hibernate: 
    select
        u1_0.Userid,
        u1_0.created_at,
        u1_0.DateofBirth,
        u1_0.Email,
        u1_0.Full_name,
        u1_0.Last_name,
        u1_0.Password_hash,
        u1_0.Phone_number,
        u1_0.Profile_image,
        u1_0.ROLE,
        u1_0.STATUS,
        u1_0.updated_at 
    from
        users u1_0 
    where
        u1_0.Userid=?
Hibernate: 
    select
        tll1_0.id,
        tll1_0.accuracy,
        tll1_0.created_at,
        tll1_0.last_update,
        tll1_0.latitude,
        tll1_0.longitude,
        tll1_0.technician_id 
    from
        technician_live_locations tll1_0 
    where
        tll1_0.technician_id=?
Hibernate: 
    select
        tll1_0.id,
        tll1_0.accuracy,
        tll1_0.created_at,
        tll1_0.last_update,
        tll1_0.latitude,
        tll1_0.longitude,
        tll1_0.technician_id 
    from
        technician_live_locations tll1_0 
    where
        tll1_0.technician_id=?
Hibernate: 
    select
        t1_0.technician_id,
        t1_0.approval_status,
        t1_0.approved_at,
        t1_0.availability_status,
        t1_0.average_rating,
        t1_0.banner,
        t1_0.banner_content_type,
        t1_0.banner_title,
        t1_0.business_name,
        t1_0.category_id,
        t1_0.created_at,
        t1_0.description,
        t1_0.experience_year,
        t1_0.face_photo,
        t1_0.id_card,
        t1_0.identity_email_verified,
        t1_0.opening_hours,
        t1_0.photo,
        t1_0.photo_content_type,
        t1_0.rating_count,
        t1_0.rejection_reason,
        t1_0.service_area,
        t1_0.updated_at,
        t1_0.user_id,
        t1_0.verified 
    from
        technician t1_0 
    where
        t1_0.technician_id=?
Hibernate: 
    select
        u1_0.Userid,
        u1_0.created_at,
        u1_0.DateofBirth,
        u1_0.Email,
        u1_0.Full_name,
        u1_0.Last_name,
        u1_0.Password_hash,
        u1_0.Phone_number,
        u1_0.Profile_image,
        u1_0.ROLE,
        u1_0.STATUS,
        u1_0.updated_at 
    from
        users u1_0 
    where
        u1_0.Userid=?
Hibernate: 
    select
        tll1_0.id,
        tll1_0.accuracy,
        tll1_0.created_at,
        tll1_0.last_update,
        tll1_0.latitude,
        tll1_0.longitude,
        tll1_0.technician_id 
    from
        technician_live_locations tll1_0 
    where
        tll1_0.technician_id=?
Hibernate: 
    select
        tll1_0.id,
        tll1_0.accuracy,
        tll1_0.created_at,
        tll1_0.last_update,
        tll1_0.latitude,
        tll1_0.longitude,
        tll1_0.technician_id 
    from
        technician_live_locations tll1_0 
    where
        tll1_0.technician_id=?
Hibernate: 
    select
        tll1_0.id,
        tll1_0.accuracy,
        tll1_0.created_at,
        tll1_0.last_update,
        tll1_0.latitude,
        tll1_0.longitude,
        tll1_0.technician_id 
    from
        technician_live_locations tll1_0 
    where
        tll1_0.technician_id=?
Hibernate: 
    select
        tll1_0.id,
        tll1_0.accuracy,
        tll1_0.created_at,
        tll1_0.last_update,
        tll1_0.latitude,
        tll1_0.longitude,
        tll1_0.technician_id 
    from
        technician_live_locations tll1_0 
    where
        tll1_0.technician_id=?
Hibernate: 
    select
        tll1_0.id,
        tll1_0.accuracy,
        tll1_0.created_at,
        tll1_0.last_update,
        tll1_0.latitude,
        tll1_0.longitude,
        tll1_0.technician_id 
    from
        technician_live_locations tll1_0 
    where
        tll1_0.technician_id=?
Hibernate: 
    select
        u1_0.Userid,
        u1_0.created_at,
        u1_0.DateofBirth,
        u1_0.Email,
        u1_0.Full_name,
        u1_0.Last_name,
        u1_0.Password_hash,
        u1_0.Phone_number,
        u1_0.Profile_image,
        u1_0.ROLE,
        u1_0.STATUS,
        u1_0.updated_at 
    from
        users u1_0 
    where
        u1_0.Email=?
Hibernate: 
    select
        t1_0.technician_id,
        t1_0.approval_status,
        t1_0.approved_at,
        t1_0.availability_status,
        t1_0.average_rating,
        t1_0.banner,
        t1_0.banner_content_type,
        t1_0.banner_title,
        t1_0.business_name,
        t1_0.category_id,
        t1_0.created_at,
        t1_0.description,
        t1_0.experience_year,
        t1_0.face_photo,
        t1_0.id_card,
        t1_0.identity_email_verified,
        t1_0.opening_hours,
        t1_0.photo,
        t1_0.photo_content_type,
        t1_0.rating_count,
        t1_0.rejection_reason,
        t1_0.service_area,
        t1_0.updated_at,
        t1_0.user_id,
        t1_0.verified 
    from
        technician t1_0 
    where
        t1_0.user_id=?
Hibernate: 
    select
        j1_0.id,
        j1_0.address,
        j1_0.assigned_at,
        j1_0.bench_fee,
        j1_0.booking_type,
        j1_0.category,
        j1_0.completed_at,
        j1_0.created_at,
        j1_0.customer_name,
        j1_0.customer_phone,
        j1_0.customer_user_id,
        j1_0.description,
        j1_0.lat,
        j1_0.lng,
        j1_0.notes,
        j1_0.scheduled_at,
        j1_0.starting_price,
        j1_0.status,
        j1_0.technician_id,
        j1_0.technician_service_id 
    from
        job j1_0
Hibernate: 
    select
        cm1_0.id,
        cm1_0.text,
        cm1_0.created_at,
        cm1_0.job_id,
        cm1_0.read_at,
        cm1_0.sender_role,
        cm1_0.sender_user_id 
    from
        chat_message cm1_0 
    where
        cm1_0.job_id in (?, ?, ?, ?, ?, ?, ?, ?, ?, ?, ?, ?, ?, ?)
Hibernate: 
    select
        t1_0.technician_id,
        t1_0.approval_status,
        t1_0.approved_at,
        t1_0.availability_status,
        t1_0.average_rating,
        t1_0.banner,
        t1_0.banner_content_type,
        t1_0.banner_title,
        t1_0.business_name,
        t1_0.category_id,
        t1_0.created_at,
        t1_0.description,
        t1_0.experience_year,
        t1_0.face_photo,
        t1_0.id_card,
        t1_0.identity_email_verified,
        t1_0.opening_hours,
        t1_0.photo,
        t1_0.photo_content_type,
        t1_0.rating_count,
        t1_0.rejection_reason,
        t1_0.service_area,
        t1_0.updated_at,
        t1_0.user_id,
        t1_0.verified 
    from
        technician t1_0 
    where
        t1_0.technician_id=?
Hibernate: 
    select
        u1_0.Userid,
        u1_0.created_at,
        u1_0.DateofBirth,
        u1_0.Email,
        u1_0.Full_name,
        u1_0.Last_name,
        u1_0.Password_hash,
        u1_0.Phone_number,
        u1_0.Profile_image,
        u1_0.ROLE,
        u1_0.STATUS,
        u1_0.updated_at 
    from
        users u1_0 
    where
        u1_0.Email=?
Hibernate: 
    select
        j1_0.id,
        j1_0.address,
        j1_0.assigned_at,
        j1_0.bench_fee,
        j1_0.booking_type,
        j1_0.category,
        j1_0.completed_at,
        j1_0.created_at,
        j1_0.customer_name,
        j1_0.customer_phone,
        j1_0.customer_user_id,
        j1_0.description,
        j1_0.lat,
        j1_0.lng,
        j1_0.notes,
        j1_0.scheduled_at,
        j1_0.starting_price,
        j1_0.status,
        j1_0.technician_id,
        j1_0.technician_service_id 
    from
        job j1_0 
    where
        j1_0.id=?
Hibernate: 
    select
        cm1_0.id,
        cm1_0.text,
        cm1_0.created_at,
        cm1_0.job_id,
        cm1_0.read_at,
        cm1_0.sender_role,
        cm1_0.sender_user_id 
    from
        chat_message cm1_0 
    where
        cm1_0.job_id=? 
        and cm1_0.sender_role=? 
        and cm1_0.read_at is null
Hibernate: 
    insert 
    into
        chat_message
        (text, created_at, job_id, read_at, sender_role, sender_user_id) 
    values
        (?, ?, ?, ?, ?, ?)
Hibernate: 
    select
        t1_0.technician_id,
        t1_0.approval_status,
        t1_0.approved_at,
        t1_0.availability_status,
        t1_0.average_rating,
        t1_0.banner,
        t1_0.banner_content_type,
        t1_0.banner_title,
        t1_0.business_name,
        t1_0.category_id,
        t1_0.created_at,
        t1_0.description,
        t1_0.experience_year,
        t1_0.face_photo,
        t1_0.id_card,
        t1_0.identity_email_verified,
        t1_0.opening_hours,
        t1_0.photo,
        t1_0.photo_content_type,
        t1_0.rating_count,
        t1_0.rejection_reason,
        t1_0.service_area,
        t1_0.updated_at,
        t1_0.user_id,
        t1_0.verified 
    from
        technician t1_0 
    where
        t1_0.technician_id=?
Hibernate: 
    select
        u1_0.Userid,
        u1_0.created_at,
        u1_0.DateofBirth,
        u1_0.Email,
        u1_0.Full_name,
        u1_0.Last_name,
        u1_0.Password_hash,
        u1_0.Phone_number,
        u1_0.Profile_image,
        u1_0.ROLE,
        u1_0.STATUS,
        u1_0.updated_at 
    from
        users u1_0 
    where
        u1_0.Userid=?
Hibernate: 
    insert 
    into
        notification
        (created_at, is_read, job_id, message, message_km, title, title_km, type, user_id) 
    values
        (?, ?, ?, ?, ?, ?, ?, ?, ?)
Hibernate: 
    select
        u1_0.Userid,
        u1_0.created_at,
        u1_0.DateofBirth,
        u1_0.Email,
        u1_0.Full_name,
        u1_0.Last_name,
        u1_0.Password_hash,
        u1_0.Phone_number,
        u1_0.Profile_image,
        u1_0.ROLE,
        u1_0.STATUS,
        u1_0.updated_at 
    from
        users u1_0 
    where
        u1_0.Email=?
Hibernate: 
    select
        t1_0.technician_id,
        t1_0.approval_status,
        t1_0.approved_at,
        t1_0.availability_status,
        t1_0.average_rating,
        t1_0.banner,
        t1_0.banner_content_type,
        t1_0.banner_title,
        t1_0.business_name,
        t1_0.category_id,
        t1_0.created_at,
        t1_0.description,
        t1_0.experience_year,
        t1_0.face_photo,
        t1_0.id_card,
        t1_0.identity_email_verified,
        t1_0.opening_hours,
        t1_0.photo,
        t1_0.photo_content_type,
        t1_0.rating_count,
        t1_0.rejection_reason,
        t1_0.service_area,
        t1_0.updated_at,
        t1_0.user_id,
        t1_0.verified 
    from
        technician t1_0 
    where
        t1_0.user_id=?
Hibernate: 
    select
        j1_0.id,
        j1_0.address,
        j1_0.assigned_at,
        j1_0.bench_fee,
        j1_0.booking_type,
        j1_0.category,
        j1_0.completed_at,
        j1_0.created_at,
        j1_0.customer_name,
        j1_0.customer_phone,
        j1_0.customer_user_id,
        j1_0.description,
        j1_0.lat,
        j1_0.lng,
        j1_0.notes,
        j1_0.scheduled_at,
        j1_0.starting_price,
        j1_0.status,
        j1_0.technician_id,
        j1_0.technician_service_id 
    from
        job j1_0
Hibernate: 
    select
        cm1_0.id,
        cm1_0.text,
        cm1_0.created_at,
        cm1_0.job_id,
        cm1_0.read_at,
        cm1_0.sender_role,
        cm1_0.sender_user_id 
    from
        chat_message cm1_0 
    where
        cm1_0.job_id in (?, ?, ?, ?, ?, ?, ?, ?, ?, ?, ?, ?, ?, ?, ?)
Hibernate: 
    select
        u1_0.Userid,
        u1_0.created_at,
        u1_0.DateofBirth,
        u1_0.Email,
        u1_0.Full_name,
        u1_0.Last_name,
        u1_0.Password_hash,
        u1_0.Phone_number,
        u1_0.Profile_image,
        u1_0.ROLE,
        u1_0.STATUS,
        u1_0.updated_at 
    from
        users u1_0 
    where
        u1_0.Userid=?
Hibernate: 
    select
        u1_0.Userid,
        u1_0.created_at,
        u1_0.DateofBirth,
        u1_0.Email,
        u1_0.Full_name,
        u1_0.Last_name,
        u1_0.Password_hash,
        u1_0.Phone_number,
        u1_0.Profile_image,
        u1_0.ROLE,
        u1_0.STATUS,
        u1_0.updated_at 
    from
        users u1_0 
    where
        u1_0.Userid=?
Hibernate: 
    select
        u1_0.Userid,
        u1_0.created_at,
        u1_0.DateofBirth,
        u1_0.Email,
        u1_0.Full_name,
        u1_0.Last_name,
        u1_0.Password_hash,
        u1_0.Phone_number,
        u1_0.Profile_image,
        u1_0.ROLE,
        u1_0.STATUS,
        u1_0.updated_at 
    from
        users u1_0 
    where
        u1_0.Userid=?
Hibernate: 
    select
        u1_0.Userid,
        u1_0.created_at,
        u1_0.DateofBirth,
        u1_0.Email,
        u1_0.Full_name,
        u1_0.Last_name,
        u1_0.Password_hash,
        u1_0.Phone_number,
        u1_0.Profile_image,
        u1_0.ROLE,
        u1_0.STATUS,
        u1_0.updated_at 
    from
        users u1_0 
    where
        u1_0.Userid=?
Hibernate: 
    select
        u1_0.Userid,
        u1_0.created_at,
        u1_0.DateofBirth,
        u1_0.Email,
        u1_0.Full_name,
        u1_0.Last_name,
        u1_0.Password_hash,
        u1_0.Phone_number,
        u1_0.Profile_image,
        u1_0.ROLE,
        u1_0.STATUS,
        u1_0.updated_at 
    from
        users u1_0 
    where
        u1_0.Userid=?
Hibernate: 
    select
        u1_0.Userid,
        u1_0.created_at,
        u1_0.DateofBirth,
        u1_0.Email,
        u1_0.Full_name,
        u1_0.Last_name,
        u1_0.Password_hash,
        u1_0.Phone_number,
        u1_0.Profile_image,
        u1_0.ROLE,
        u1_0.STATUS,
        u1_0.updated_at 
    from
        users u1_0 
    where
        u1_0.Userid=?
Hibernate: 
    select
        u1_0.Userid,
        u1_0.created_at,
        u1_0.DateofBirth,
        u1_0.Email,
        u1_0.Full_name,
        u1_0.Last_name,
        u1_0.Password_hash,
        u1_0.Phone_number,
        u1_0.Profile_image,
        u1_0.ROLE,
        u1_0.STATUS,
        u1_0.updated_at 
    from
        users u1_0 
    where
        u1_0.Userid=?
Hibernate: 
    select
        u1_0.Userid,
        u1_0.created_at,
        u1_0.DateofBirth,
        u1_0.Email,
        u1_0.Full_name,
        u1_0.Last_name,
        u1_0.Password_hash,
        u1_0.Phone_number,
        u1_0.Profile_image,
        u1_0.ROLE,
        u1_0.STATUS,
        u1_0.updated_at 
    from
        users u1_0 
    where
        u1_0.Userid=?
Hibernate: 
    select
        u1_0.Userid,
        u1_0.created_at,
        u1_0.DateofBirth,
        u1_0.Email,
        u1_0.Full_name,
        u1_0.Last_name,
        u1_0.Password_hash,
        u1_0.Phone_number,
        u1_0.Profile_image,
        u1_0.ROLE,
        u1_0.STATUS,
        u1_0.updated_at 
    from
        users u1_0 
    where
        u1_0.Userid=?
Hibernate: 
    select
        u1_0.Userid,
        u1_0.created_at,
        u1_0.DateofBirth,
        u1_0.Email,
        u1_0.Full_name,
        u1_0.Last_name,
        u1_0.Password_hash,
        u1_0.Phone_number,
        u1_0.Profile_image,
        u1_0.ROLE,
        u1_0.STATUS,
        u1_0.updated_at 
    from
        users u1_0 
    where
        u1_0.Userid=?
Hibernate: 
    select
        u1_0.Userid,
        u1_0.created_at,
        u1_0.DateofBirth,
        u1_0.Email,
        u1_0.Full_name,
        u1_0.Last_name,
        u1_0.Password_hash,
        u1_0.Phone_number,
        u1_0.Profile_image,
        u1_0.ROLE,
        u1_0.STATUS,
        u1_0.updated_at 
    from
        users u1_0 
    where
        u1_0.Userid=?
Hibernate: 
    select
        u1_0.Userid,
        u1_0.created_at,
        u1_0.DateofBirth,
        u1_0.Email,
        u1_0.Full_name,
        u1_0.Last_name,
        u1_0.Password_hash,
        u1_0.Phone_number,
        u1_0.Profile_image,
        u1_0.ROLE,
        u1_0.STATUS,
        u1_0.updated_at 
    from
        users u1_0 
    where
        u1_0.Userid=?
Hibernate: 
    select
        u1_0.Userid,
        u1_0.created_at,
        u1_0.DateofBirth,
        u1_0.Email,
        u1_0.Full_name,
        u1_0.Last_name,
        u1_0.Password_hash,
        u1_0.Phone_number,
        u1_0.Profile_image,
        u1_0.ROLE,
        u1_0.STATUS,
        u1_0.updated_at 
    from
        users u1_0 
    where
        u1_0.Userid=?
Hibernate: 
    select
        u1_0.Userid,
        u1_0.created_at,
        u1_0.DateofBirth,
        u1_0.Email,
        u1_0.Full_name,
        u1_0.Last_name,
        u1_0.Password_hash,
        u1_0.Phone_number,
        u1_0.Profile_image,
        u1_0.ROLE,
        u1_0.STATUS,
        u1_0.updated_at 
    from
        users u1_0 
    where
        u1_0.Userid=?
Hibernate: 
    select
        u1_0.Userid,
        u1_0.created_at,
        u1_0.DateofBirth,
        u1_0.Email,
        u1_0.Full_name,
        u1_0.Last_name,
        u1_0.Password_hash,
        u1_0.Phone_number,
        u1_0.Profile_image,
        u1_0.ROLE,
        u1_0.STATUS,
        u1_0.updated_at 
    from
        users u1_0 
    where
        u1_0.Userid=?
Hibernate: 
    select
        u1_0.Userid,
        u1_0.created_at,
        u1_0.DateofBirth,
        u1_0.Email,
        u1_0.Full_name,
        u1_0.Last_name,
        u1_0.Password_hash,
        u1_0.Phone_number,
        u1_0.Profile_image,
        u1_0.ROLE,
        u1_0.STATUS,
        u1_0.updated_at 
    from
        users u1_0 
    where
        u1_0.Email=?
Hibernate: 
    select
        j1_0.id,
        j1_0.address,
        j1_0.assigned_at,
        j1_0.bench_fee,
        j1_0.booking_type,
        j1_0.category,
        j1_0.completed_at,
        j1_0.created_at,
        j1_0.customer_name,
        j1_0.customer_phone,
        j1_0.customer_user_id,
        j1_0.description,
        j1_0.lat,
        j1_0.lng,
        j1_0.notes,
        j1_0.scheduled_at,
        j1_0.starting_price,
        j1_0.status,
        j1_0.technician_id,
        j1_0.technician_service_id 
    from
        job j1_0 
    where
        j1_0.id=?
Hibernate: 
    select
        t1_0.technician_id,
        t1_0.approval_status,
        t1_0.approved_at,
        t1_0.availability_status,
        t1_0.average_rating,
        t1_0.banner,
        t1_0.banner_content_type,
        t1_0.banner_title,
        t1_0.business_name,
        t1_0.category_id,
        t1_0.created_at,
        t1_0.description,
        t1_0.experience_year,
        t1_0.face_photo,
        t1_0.id_card,
        t1_0.identity_email_verified,
        t1_0.opening_hours,
        t1_0.photo,
        t1_0.photo_content_type,
        t1_0.rating_count,
        t1_0.rejection_reason,
        t1_0.service_area,
        t1_0.updated_at,
        t1_0.user_id,
        t1_0.verified 
    from
        technician t1_0 
    where
        t1_0.user_id=?
Hibernate: 
    select
        cm1_0.id,
        cm1_0.text,
        cm1_0.created_at,
        cm1_0.job_id,
        cm1_0.read_at,
        cm1_0.sender_role,
        cm1_0.sender_user_id 
    from
        chat_message cm1_0 
    where
        cm1_0.job_id=? 
        and cm1_0.sender_role=? 
        and cm1_0.read_at is null
Hibernate: 
    update
        chat_message 
    set
        text=?,
        job_id=?,
        read_at=?,
        sender_role=?,
        sender_user_id=? 
    where
        id=?
Hibernate: 
    select
        cm1_0.id,
        cm1_0.text,
        cm1_0.created_at,
        cm1_0.job_id,
        cm1_0.read_at,
        cm1_0.sender_role,
        cm1_0.sender_user_id 
    from
        chat_message cm1_0 
    where
        cm1_0.job_id=? 
    order by
        cm1_0.id
Hibernate: 
    select
        u1_0.Userid,
        u1_0.created_at,
        u1_0.DateofBirth,
        u1_0.Email,
        u1_0.Full_name,
        u1_0.Last_name,
        u1_0.Password_hash,
        u1_0.Phone_number,
        u1_0.Profile_image,
        u1_0.ROLE,
        u1_0.STATUS,
        u1_0.updated_at 
    from
        users u1_0 
    where
        u1_0.Email=?
Hibernate: 
    select
        j1_0.id,
        j1_0.address,
        j1_0.assigned_at,
        j1_0.bench_fee,
        j1_0.booking_type,
        j1_0.category,
        j1_0.completed_at,
        j1_0.created_at,
        j1_0.customer_name,
        j1_0.customer_phone,
        j1_0.customer_user_id,
        j1_0.description,
        j1_0.lat,
        j1_0.lng,
        j1_0.notes,
        j1_0.scheduled_at,
        j1_0.starting_price,
        j1_0.status,
        j1_0.technician_id,
        j1_0.technician_service_id 
    from
        job j1_0 
    where
        j1_0.id=?
Hibernate: 
    select
        t1_0.technician_id,
        t1_0.approval_status,
        t1_0.approved_at,
        t1_0.availability_status,
        t1_0.average_rating,
        t1_0.banner,
        t1_0.banner_content_type,
        t1_0.banner_title,
        t1_0.business_name,
        t1_0.category_id,
        t1_0.created_at,
        t1_0.description,
        t1_0.experience_year,
        t1_0.face_photo,
        t1_0.id_card,
        t1_0.identity_email_verified,
        t1_0.opening_hours,
        t1_0.photo,
        t1_0.photo_content_type,
        t1_0.rating_count,
        t1_0.rejection_reason,
        t1_0.service_area,
        t1_0.updated_at,
        t1_0.user_id,
        t1_0.verified 
    from
        technician t1_0 
    where
        t1_0.user_id=?
Hibernate: 
    select
        cm1_0.id,
        cm1_0.text,
        cm1_0.created_at,
        cm1_0.job_id,
        cm1_0.read_at,
        cm1_0.sender_role,
        cm1_0.sender_user_id 
    from
        chat_message cm1_0 
    where
        cm1_0.job_id=? 
        and cm1_0.sender_role=? 
        and cm1_0.read_at is null
Hibernate: 
    insert 
    into
        chat_message
        (text, created_at, job_id, read_at, sender_role, sender_user_id) 
    values
        (?, ?, ?, ?, ?, ?)
Hibernate: 
    select
        u1_0.Userid,
        u1_0.created_at,
        u1_0.DateofBirth,
        u1_0.Email,
        u1_0.Full_name,
        u1_0.Last_name,
        u1_0.Password_hash,
        u1_0.Phone_number,
        u1_0.Profile_image,
        u1_0.ROLE,
        u1_0.STATUS,
        u1_0.updated_at 
    from
        users u1_0 
    where
        u1_0.Userid=?
Hibernate: 
    insert 
    into
        notification
        (created_at, is_read, job_id, message, message_km, title, title_km, type, user_id) 
    values
        (?, ?, ?, ?, ?, ?, ?, ?, ?)
Hibernate: 
    select
        u1_0.Userid,
        u1_0.created_at,
        u1_0.DateofBirth,
        u1_0.Email,
        u1_0.Full_name,
        u1_0.Last_name,
        u1_0.Password_hash,
        u1_0.Phone_number,
        u1_0.Profile_image,
        u1_0.ROLE,
        u1_0.STATUS,
        u1_0.updated_at 
    from
        users u1_0 
    where
        u1_0.Email=?
Hibernate: 
    select
        j1_0.id,
        j1_0.address,
        j1_0.assigned_at,
        j1_0.bench_fee,
        j1_0.booking_type,
        j1_0.category,
        j1_0.completed_at,
        j1_0.created_at,
        j1_0.customer_name,
        j1_0.customer_phone,
        j1_0.customer_user_id,
        j1_0.description,
        j1_0.lat,
        j1_0.lng,
        j1_0.notes,
        j1_0.scheduled_at,
        j1_0.starting_price,
        j1_0.status,
        j1_0.technician_id,
        j1_0.technician_service_id 
    from
        job j1_0 
    where
        j1_0.id=?
Hibernate: 
    select
        cm1_0.id,
        cm1_0.text,
        cm1_0.created_at,
        cm1_0.job_id,
        cm1_0.read_at,
        cm1_0.sender_role,
        cm1_0.sender_user_id 
    from
        chat_message cm1_0 
    where
        cm1_0.job_id=? 
        and cm1_0.sender_role=? 
        and cm1_0.read_at is null
Hibernate: 
    update
        chat_message 
    set
        text=?,
        job_id=?,
        read_at=?,
        sender_role=?,
        sender_user_id=? 
    where
        id=?
Hibernate: 
    select
        cm1_0.id,
        cm1_0.text,
        cm1_0.created_at,
        cm1_0.job_id,
        cm1_0.read_at,
        cm1_0.sender_role,
        cm1_0.sender_user_id 
    from
        chat_message cm1_0 
    where
        cm1_0.job_id=? 
    order by
        cm1_0.id
Hibernate: 
    select
        u1_0.Userid,
        u1_0.created_at,
        u1_0.DateofBirth,
        u1_0.Email,
        u1_0.Full_name,
        u1_0.Last_name,
        u1_0.Password_hash,
        u1_0.Phone_number,
        u1_0.Profile_image,
        u1_0.ROLE,
        u1_0.STATUS,
        u1_0.updated_at 
    from
        users u1_0 
    where
        u1_0.Email=?
Hibernate: 
    select
        j1_0.id,
        j1_0.address,
        j1_0.assigned_at,
        j1_0.bench_fee,
        j1_0.booking_type,
        j1_0.category,
        j1_0.completed_at,
        j1_0.created_at,
        j1_0.customer_name,
        j1_0.customer_phone,
        j1_0.customer_user_id,
        j1_0.description,
        j1_0.lat,
        j1_0.lng,
        j1_0.notes,
        j1_0.scheduled_at,
        j1_0.starting_price,
        j1_0.status,
        j1_0.technician_id,
        j1_0.technician_service_id 
    from
        job j1_0 
    where
        j1_0.id=?
Hibernate: 
    select
        t1_0.technician_id,
        t1_0.approval_status,
        t1_0.approved_at,
        t1_0.availability_status,
        t1_0.average_rating,
        t1_0.banner,
        t1_0.banner_content_type,
        t1_0.banner_title,
        t1_0.business_name,
        t1_0.category_id,
        t1_0.created_at,
        t1_0.description,
        t1_0.experience_year,
        t1_0.face_photo,
        t1_0.id_card,
        t1_0.identity_email_verified,
        t1_0.opening_hours,
        t1_0.photo,
        t1_0.photo_content_type,
        t1_0.rating_count,
        t1_0.rejection_reason,
        t1_0.service_area,
        t1_0.updated_at,
        t1_0.user_id,
        t1_0.verified 
    from
        technician t1_0 
    where
        t1_0.user_id=?
Hibernate: 
    select
        u1_0.Userid,
        u1_0.created_at,
        u1_0.DateofBirth,
        u1_0.Email,
        u1_0.Full_name,
        u1_0.Last_name,
        u1_0.Password_hash,
        u1_0.Phone_number,
        u1_0.Profile_image,
        u1_0.ROLE,
        u1_0.STATUS,
        u1_0.updated_at 
    from
        users u1_0 
    where
        u1_0.Email=?
Hibernate: 
    select
        j1_0.id,
        j1_0.address,
        j1_0.assigned_at,
        j1_0.bench_fee,
        j1_0.booking_type,
        j1_0.category,
        j1_0.completed_at,
        j1_0.created_at,
        j1_0.customer_name,
        j1_0.customer_phone,
        j1_0.customer_user_id,
        j1_0.description,
        j1_0.lat,
        j1_0.lng,
        j1_0.notes,
        j1_0.scheduled_at,
        j1_0.starting_price,
        j1_0.status,
        j1_0.technician_id,
        j1_0.technician_service_id 
    from
        job j1_0 
    where
        j1_0.id=?
Hibernate: 
    select
        u1_0.Userid,
        u1_0.created_at,
        u1_0.DateofBirth,
        u1_0.Email,
        u1_0.Full_name,
        u1_0.Last_name,
        u1_0.Password_hash,
        u1_0.Phone_number,
        u1_0.Profile_image,
        u1_0.ROLE,
        u1_0.STATUS,
        u1_0.updated_at 
    from
        users u1_0 
    where
        u1_0.Email=?
Hibernate: 
    select
        j1_0.id,
        j1_0.address,
        j1_0.assigned_at,
        j1_0.bench_fee,
        j1_0.booking_type,
        j1_0.category,
        j1_0.completed_at,
        j1_0.created_at,
        j1_0.customer_name,
        j1_0.customer_phone,
        j1_0.customer_user_id,
        j1_0.description,
        j1_0.lat,
        j1_0.lng,
        j1_0.notes,
        j1_0.scheduled_at,
        j1_0.starting_price,
        j1_0.status,
        j1_0.technician_id,
        j1_0.technician_service_id 
    from
        job j1_0
Hibernate: 
    select
        t1_0.technician_id,
        t1_0.approval_status,
        t1_0.approved_at,
        t1_0.availability_status,
        t1_0.average_rating,
        t1_0.banner,
        t1_0.banner_content_type,
        t1_0.banner_title,
        t1_0.business_name,
        t1_0.category_id,
        t1_0.created_at,
        t1_0.description,
        t1_0.experience_year,
        t1_0.face_photo,
        t1_0.id_card,
        t1_0.identity_email_verified,
        t1_0.opening_hours,
        t1_0.photo,
        t1_0.photo_content_type,
        t1_0.rating_count,
        t1_0.rejection_reason,
        t1_0.service_area,
        t1_0.updated_at,
        t1_0.user_id,
        t1_0.verified 
    from
        technician t1_0 
    where
        t1_0.technician_id=?
Hibernate: 
    select
        u1_0.Userid,
        u1_0.created_at,
        u1_0.DateofBirth,
        u1_0.Email,
        u1_0.Full_name,
        u1_0.Last_name,
        u1_0.Password_hash,
        u1_0.Phone_number,
        u1_0.Profile_image,
        u1_0.ROLE,
        u1_0.STATUS,
        u1_0.updated_at 
    from
        users u1_0 
    where
        u1_0.Userid=?
Hibernate: 
    select
        tll1_0.id,
        tll1_0.accuracy,
        tll1_0.created_at,
        tll1_0.last_update,
        tll1_0.latitude,
        tll1_0.longitude,
        tll1_0.technician_id 
    from
        technician_live_locations tll1_0 
    where
        tll1_0.technician_id=?
Hibernate: 
    select
        t1_0.technician_id,
        t1_0.approval_status,
        t1_0.approved_at,
        t1_0.availability_status,
        t1_0.average_rating,
        t1_0.banner,
        t1_0.banner_content_type,
        t1_0.banner_title,
        t1_0.business_name,
        t1_0.category_id,
        t1_0.created_at,
        t1_0.description,
        t1_0.experience_year,
        t1_0.face_photo,
        t1_0.id_card,
        t1_0.identity_email_verified,
        t1_0.opening_hours,
        t1_0.photo,
        t1_0.photo_content_type,
        t1_0.rating_count,
        t1_0.rejection_reason,
        t1_0.service_area,
        t1_0.updated_at,
        t1_0.user_id,
        t1_0.verified 
    from
        technician t1_0 
    where
        t1_0.technician_id=?
Hibernate: 
    select
        u1_0.Userid,
        u1_0.created_at,
        u1_0.DateofBirth,
        u1_0.Email,
        u1_0.Full_name,
        u1_0.Last_name,
        u1_0.Password_hash,
        u1_0.Phone_number,
        u1_0.Profile_image,
        u1_0.ROLE,
        u1_0.STATUS,
        u1_0.updated_at 
    from
        users u1_0 
    where
        u1_0.Userid=?
Hibernate: 
    select
        tll1_0.id,
        tll1_0.accuracy,
        tll1_0.created_at,
        tll1_0.last_update,
        tll1_0.latitude,
        tll1_0.longitude,
        tll1_0.technician_id 
    from
        technician_live_locations tll1_0 
    where
        tll1_0.technician_id=?
Hibernate: 
    select
        tll1_0.id,
        tll1_0.accuracy,
        tll1_0.created_at,
        tll1_0.last_update,
        tll1_0.latitude,
        tll1_0.longitude,
        tll1_0.technician_id 
    from
        technician_live_locations tll1_0 
    where
        tll1_0.technician_id=?
Hibernate: 
    select
        t1_0.technician_id,
        t1_0.approval_status,
        t1_0.approved_at,
        t1_0.availability_status,
        t1_0.average_rating,
        t1_0.banner,
        t1_0.banner_content_type,
        t1_0.banner_title,
        t1_0.business_name,
        t1_0.category_id,
        t1_0.created_at,
        t1_0.description,
        t1_0.experience_year,
        t1_0.face_photo,
        t1_0.id_card,
        t1_0.identity_email_verified,
        t1_0.opening_hours,
        t1_0.photo,
        t1_0.photo_content_type,
        t1_0.rating_count,
        t1_0.rejection_reason,
        t1_0.service_area,
        t1_0.updated_at,
        t1_0.user_id,
        t1_0.verified 
    from
        technician t1_0 
    where
        t1_0.technician_id=?
Hibernate: 
    select
        u1_0.Userid,
        u1_0.created_at,
        u1_0.DateofBirth,
        u1_0.Email,
        u1_0.Full_name,
        u1_0.Last_name,
        u1_0.Password_hash,
        u1_0.Phone_number,
        u1_0.Profile_image,
        u1_0.ROLE,
        u1_0.STATUS,
        u1_0.updated_at 
    from
        users u1_0 
    where
        u1_0.Userid=?
Hibernate: 
    select
        tll1_0.id,
        tll1_0.accuracy,
        tll1_0.created_at,
        tll1_0.last_update,
        tll1_0.latitude,
        tll1_0.longitude,
        tll1_0.technician_id 
    from
        technician_live_locations tll1_0 
    where
        tll1_0.technician_id=?
Hibernate: 
    select
        tll1_0.id,
        tll1_0.accuracy,
        tll1_0.created_at,
        tll1_0.last_update,
        tll1_0.latitude,
        tll1_0.longitude,
        tll1_0.technician_id 
    from
        technician_live_locations tll1_0 
    where
        tll1_0.technician_id=?
Hibernate: 
    select
        tll1_0.id,
        tll1_0.accuracy,
        tll1_0.created_at,
        tll1_0.last_update,
        tll1_0.latitude,
        tll1_0.longitude,
        tll1_0.technician_id 
    from
        technician_live_locations tll1_0 
    where
        tll1_0.technician_id=?
Hibernate: 
    select
        tll1_0.id,
        tll1_0.accuracy,
        tll1_0.created_at,
        tll1_0.last_update,
        tll1_0.latitude,
        tll1_0.longitude,
        tll1_0.technician_id 
    from
        technician_live_locations tll1_0 
    where
        tll1_0.technician_id=?
Hibernate: 
    select
        tll1_0.id,
        tll1_0.accuracy,
        tll1_0.created_at,
        tll1_0.last_update,
        tll1_0.latitude,
        tll1_0.longitude,
        tll1_0.technician_id 
    from
        technician_live_locations tll1_0 
    where
        tll1_0.technician_id=?
Hibernate: 
    select
        u1_0.Userid,
        u1_0.created_at,
        u1_0.DateofBirth,
        u1_0.Email,
        u1_0.Full_name,
        u1_0.Last_name,
        u1_0.Password_hash,
        u1_0.Phone_number,
        u1_0.Profile_image,
        u1_0.ROLE,
        u1_0.STATUS,
        u1_0.updated_at 
    from
        users u1_0 
    where
        u1_0.Email=?
Hibernate: 
    select
        n1_0.notification_id,
        n1_0.created_at,
        n1_0.is_read,
        n1_0.job_id,
        n1_0.message,
        n1_0.message_km,
        n1_0.title,
        n1_0.title_km,
        n1_0.type,
        n1_0.user_id 
    from
        notification n1_0 
    where
        n1_0.user_id=? 
    order by
        n1_0.created_at desc
