
  .   ____          _            __ _ _
 /\\ / ___'_ __ _ _(_)_ __  __ _ \ \ \ \
( ( )\___ | '_ | '_| | '_ \/ _` | \ \ \ \
 \\/  ___)| |_)| | | | | || (_| |  ) ) ) )
  '  |____| .__|_| |_|_| |_\__, | / / / /
 =========|_|==============|___/=/_/_/_/

 :: Spring Boot ::                (v4.1.0)

2026-09-27T21:59:52.107+07:00  INFO 35664 --- [api] [           main] com.api.ApiApplication                   : Starting ApiApplication v0.0.1-SNAPSHOT using Java 21.0.12 with PID 35664 (C:\CamV4\CamFix\Backend\build\libs\api.jar started by Oxy in C:\CamV4\CamFix\Backend)
2026-09-27T21:59:52.122+07:00  INFO 35664 --- [api] [           main] com.api.ApiApplication                   : No active profile set, falling back to 1 default profile: "default"
2026-09-27T21:59:57.011+07:00  INFO 35664 --- [api] [           main] .s.d.r.c.RepositoryConfigurationDelegate : Bootstrapping Spring Data JPA repositories in DEFAULT mode.
2026-09-27T21:59:57.740+07:00  INFO 35664 --- [api] [           main] .s.d.r.c.RepositoryConfigurationDelegate : Finished Spring Data repository scanning in 675 ms. Found 20 JPA repository interfaces.
2026-09-27T22:00:01.207+07:00  INFO 35664 --- [api] [           main] o.s.boot.tomcat.TomcatWebServer          : Tomcat initialized with port 8081 (http)
2026-09-27T22:00:01.260+07:00  INFO 35664 --- [api] [           main] o.apache.catalina.core.StandardService   : Starting service [Tomcat]
2026-09-27T22:00:01.262+07:00  INFO 35664 --- [api] [           main] o.apache.catalina.core.StandardEngine    : Starting Servlet engine: [Apache Tomcat/11.0.22]
2026-09-27T22:00:01.398+07:00  INFO 35664 --- [api] [           main] b.w.c.s.WebApplicationContextInitializer : Root WebApplicationContext: initialization completed in 9081 ms
2026-09-27T22:00:04.661+07:00  INFO 35664 --- [api] [           main] org.hibernate.orm.jpa                    : HHH008540: Processing PersistenceUnitInfo [name: default]
2026-09-27T22:00:05.029+07:00  INFO 35664 --- [api] [           main] org.hibernate.orm.core                   : HHH000001: Hibernate ORM core version 7.4.1.Final
2026-09-27T22:00:07.360+07:00  INFO 35664 --- [api] [           main] o.s.o.j.p.SpringPersistenceUnitInfo      : No LoadTimeWeaver setup: ignoring JPA class transformer
2026-09-27T22:00:07.523+07:00  INFO 35664 --- [api] [           main] com.zaxxer.hikari.HikariDataSource       : HikariPool-1 - Starting...
2026-09-27T22:00:08.201+07:00  INFO 35664 --- [api] [           main] com.zaxxer.hikari.pool.HikariPool        : HikariPool-1 - Added connection com.mysql.cj.jdbc.ConnectionImpl@1325f967
2026-09-27T22:00:08.209+07:00  INFO 35664 --- [api] [           main] com.zaxxer.hikari.HikariDataSource       : HikariPool-1 - Start completed.
2026-09-27T22:00:08.578+07:00  INFO 35664 --- [api] [           main] org.hibernate.orm.connections.pooling    : HHH10001005: Database info:
	Database JDBC URL [jdbc:mysql://localhost:3306/CamFix?useSSL=false&allowPublicKeyRetrieval=true&serverTimezone=UTC]
	Database driver: MySQL Connector/J
	Database dialect: MySQLDialect
	Database version: 8.0.46
	Default catalog/schema: CamFix/undefined
	Autocommit mode: undefined/unknown
	Isolation level: REPEATABLE_READ [default REPEATABLE_READ]
	JDBC fetch size: none
	Pool: DataSourceConnectionProvider
	Minimum pool size: undefined/unknown
	Maximum pool size: undefined/unknown
2026-09-27T22:00:14.990+07:00  INFO 35664 --- [api] [           main] org.hibernate.orm.core                   : HHH000489: No JTA platform available (set 'hibernate.transaction.jta.platform' to enable JTA platform integration)
2026-09-27T22:00:15.526+07:00  INFO 35664 --- [api] [           main] j.LocalContainerEntityManagerFactoryBean : Initialized JPA EntityManagerFactory for persistence unit 'default'
2026-09-27T22:00:15.843+07:00  INFO 35664 --- [api] [           main] o.s.d.j.r.query.QueryEnhancerFactories   : Hibernate is in classpath; If applicable, HQL parser will be used.
2026-09-27T22:00:21.247+07:00  WARN 35664 --- [api] [           main] com.api.Config.SmsConfig                 : SMS: no provider configured - OTP codes will only be logged. Set app.sms.twilio.* (env TWILIO_*) or app.sms.textbelt.key (env TEXTBELT_KEY).
2026-09-27T22:00:21.346+07:00  WARN 35664 --- [api] [           main] com.api.Config.MailConfig                : Mail: no SMTP configured - OTP emails will only be logged. Set spring.mail.host / spring.mail.username / spring.mail.password (env MAIL_USERNAME / MAIL_PASSWORD for Gmail).
2026-09-27T22:00:23.623+07:00  WARN 35664 --- [api] [           main] .s.a.UserDetailsServiceAutoConfiguration : 

Using generated security password: 804dce87-2c68-44da-9aec-9a1855329df4

This generated password is for development use only. Your security configuration must be updated before running your application in production.

2026-09-27T22:00:23.655+07:00  INFO 35664 --- [api] [           main] r$InitializeUserDetailsManagerConfigurer : Global AuthenticationManager configured with UserDetailsService bean with name inMemoryUserDetailsManager
2026-09-27T22:00:26.817+07:00  INFO 35664 --- [api] [           main] o.s.boot.tomcat.TomcatWebServer          : Tomcat started on port 8081 (http) with context path '/'
2026-09-27T22:00:26.905+07:00  INFO 35664 --- [api] [           main] com.api.ApiApplication                   : Started ApiApplication in 36.668 seconds (process running for 39.368)
2026-09-27T22:00:26.916+07:00  WARN 35664 --- [api] [           main] o.s.core.events.SpringDocAppInitializer  : SpringDoc /v3/api-docs endpoint is enabled by default. To disable it in production, set the property 'springdoc.api-docs.enabled=false'
2026-09-27T22:00:26.918+07:00  WARN 35664 --- [api] [           main] o.s.core.events.SpringDocAppInitializer  : SpringDoc /swagger-ui.html endpoint is enabled by default. To disable it in production, set the property 'springdoc.swagger-ui.enabled=false'
2026-09-27T22:00:27.137+07:00  INFO 35664 --- [api] [nio-8081-exec-2] o.a.c.c.C.[Tomcat].[localhost].[/]       : Initializing Spring DispatcherServlet 'dispatcherServlet'
2026-09-27T22:00:27.139+07:00  INFO 35664 --- [api] [nio-8081-exec-2] o.s.web.servlet.DispatcherServlet        : Initializing Servlet 'dispatcherServlet'
2026-09-27T22:00:27.145+07:00  INFO 35664 --- [api] [nio-8081-exec-2] o.s.web.servlet.DispatcherServlet        : Completed initialization in 4 ms
