
  .   ____          _            __ _ _
 /\\ / ___'_ __ _ _(_)_ __  __ _ \ \ \ \
( ( )\___ | '_ | '_| | '_ \/ _` | \ \ \ \
 \\/  ___)| |_)| | | | | || (_| |  ) ) ) )
  '  |____| .__|_| |_|_| |_\__, | / / / /
 =========|_|==============|___/=/_/_/_/

 :: Spring Boot ::                (v4.1.0)

2026-09-27T12:51:53.618+07:00  INFO 1992 --- [api] [           main] com.api.ApiApplication                   : Starting ApiApplication v0.0.1-SNAPSHOT using Java 21.0.12 with PID 1992 (C:\CamV4\CamFix\Backend\build\libs\api.jar started by Oxy in C:\CamV4\CamFix\Backend)
2026-09-27T12:51:53.635+07:00  INFO 1992 --- [api] [           main] com.api.ApiApplication                   : No active profile set, falling back to 1 default profile: "default"
2026-09-27T12:51:57.513+07:00  INFO 1992 --- [api] [           main] .s.d.r.c.RepositoryConfigurationDelegate : Bootstrapping Spring Data JPA repositories in DEFAULT mode.
2026-09-27T12:51:57.990+07:00  INFO 1992 --- [api] [           main] .s.d.r.c.RepositoryConfigurationDelegate : Finished Spring Data repository scanning in 440 ms. Found 16 JPA repository interfaces.
2026-09-27T12:52:00.721+07:00  INFO 1992 --- [api] [           main] o.s.boot.tomcat.TomcatWebServer          : Tomcat initialized with port 8081 (http)
2026-09-27T12:52:00.778+07:00  INFO 1992 --- [api] [           main] o.apache.catalina.core.StandardService   : Starting service [Tomcat]
2026-09-27T12:52:00.778+07:00  INFO 1992 --- [api] [           main] o.apache.catalina.core.StandardEngine    : Starting Servlet engine: [Apache Tomcat/11.0.22]
2026-09-27T12:52:00.954+07:00  INFO 1992 --- [api] [           main] b.w.c.s.WebApplicationContextInitializer : Root WebApplicationContext: initialization completed in 7122 ms
2026-09-27T12:52:02.109+07:00  INFO 1992 --- [api] [           main] org.hibernate.orm.jpa                    : HHH008540: Processing PersistenceUnitInfo [name: default]
2026-09-27T12:52:03.517+07:00  INFO 1992 --- [api] [           main] org.hibernate.orm.core                   : HHH000001: Hibernate ORM core version 7.4.1.Final
2026-09-27T12:52:05.913+07:00  INFO 1992 --- [api] [           main] o.s.o.j.p.SpringPersistenceUnitInfo      : No LoadTimeWeaver setup: ignoring JPA class transformer
2026-09-27T12:52:06.059+07:00  INFO 1992 --- [api] [           main] com.zaxxer.hikari.HikariDataSource       : HikariPool-1 - Starting...
2026-09-27T12:52:06.680+07:00  INFO 1992 --- [api] [           main] com.zaxxer.hikari.pool.HikariPool        : HikariPool-1 - Added connection com.mysql.cj.jdbc.ConnectionImpl@31c5304f
2026-09-27T12:52:06.688+07:00  INFO 1992 --- [api] [           main] com.zaxxer.hikari.HikariDataSource       : HikariPool-1 - Start completed.
2026-09-27T12:52:07.140+07:00  INFO 1992 --- [api] [           main] org.hibernate.orm.connections.pooling    : HHH10001005: Database info:
	Database JDBC URL [jdbc:mysql://localhost:3306/CamFix?useSSL=false&allowPublicKeyRetrieval=true&serverTimezone=UTC]
	Database driver: MySQL Connector/J
	Database dialect: MySQLDialect
	Database version: 8.0.46
	Default catalog/schema: CamFix/undefined
	Autocommit mode: undefined/unknown
	Isolation level: REPEATABLE_READ [default REPEATABLE_READ]
	JDBC fetch size: none
	Pool: DataSourceConnectionProvider
	Minimum pool size: undefined/unknown
	Maximum pool size: undefined/unknown
2026-09-27T12:52:13.119+07:00  INFO 1992 --- [api] [           main] org.hibernate.orm.core                   : HHH000489: No JTA platform available (set 'hibernate.transaction.jta.platform' to enable JTA platform integration)
Hibernate: 
    alter table job 
       add column bench_fee float(53)
Hibernate: 
    alter table service_price 
       add column bench_fee float(53)
Hibernate: 
    alter table service_price 
       add column travel_fee float(53)
2026-09-27T12:52:13.912+07:00  INFO 1992 --- [api] [           main] j.LocalContainerEntityManagerFactoryBean : Initialized JPA EntityManagerFactory for persistence unit 'default'
2026-09-27T12:52:14.177+07:00  INFO 1992 --- [api] [           main] o.s.d.j.r.query.QueryEnhancerFactories   : Hibernate is in classpath; If applicable, HQL parser will be used.
2026-09-27T12:52:18.610+07:00  WARN 1992 --- [api] [           main] com.api.Config.SmsConfig                 : SMS: no provider configured - OTP codes will only be logged. Set app.sms.twilio.* (env TWILIO_*) or app.sms.textbelt.key (env TEXTBELT_KEY).
2026-09-27T12:52:18.706+07:00  WARN 1992 --- [api] [           main] com.api.Config.MailConfig                : Mail: no SMTP configured - OTP emails will only be logged. Set spring.mail.host / spring.mail.username / spring.mail.password (env MAIL_USERNAME / MAIL_PASSWORD for Gmail).
2026-09-27T12:52:20.252+07:00  WARN 1992 --- [api] [           main] .s.a.UserDetailsServiceAutoConfiguration : 

Using generated security password: 3b854e7e-93b8-488a-856c-627c5733a6ac

This generated password is for development use only. Your security configuration must be updated before running your application in production.

2026-09-27T12:52:20.283+07:00  INFO 1992 --- [api] [           main] r$InitializeUserDetailsManagerConfigurer : Global AuthenticationManager configured with UserDetailsService bean with name inMemoryUserDetailsManager
2026-09-27T12:52:22.665+07:00  INFO 1992 --- [api] [           main] o.s.boot.tomcat.TomcatWebServer          : Tomcat started on port 8081 (http) with context path '/'
2026-09-27T12:52:22.715+07:00  INFO 1992 --- [api] [           main] com.api.ApiApplication                   : Started ApiApplication in 30.905 seconds (process running for 33.441)
2026-09-27T12:52:22.726+07:00  WARN 1992 --- [api] [           main] o.s.core.events.SpringDocAppInitializer  : SpringDoc /v3/api-docs endpoint is enabled by default. To disable it in production, set the property 'springdoc.api-docs.enabled=false'
2026-09-27T12:52:22.728+07:00  WARN 1992 --- [api] [           main] o.s.core.events.SpringDocAppInitializer  : SpringDoc /swagger-ui.html endpoint is enabled by default. To disable it in production, set the property 'springdoc.swagger-ui.enabled=false'
2026-09-27T12:52:38.184+07:00  INFO 1992 --- [api] [nio-8081-exec-2] o.a.c.c.C.[Tomcat].[localhost].[/]       : Initializing Spring DispatcherServlet 'dispatcherServlet'
2026-09-27T12:52:38.186+07:00  INFO 1992 --- [api] [nio-8081-exec-2] o.s.web.servlet.DispatcherServlet        : Initializing Servlet 'dispatcherServlet'
2026-09-27T12:52:38.192+07:00  INFO 1992 --- [api] [nio-8081-exec-2] o.s.web.servlet.DispatcherServlet        : Completed initialization in 4 ms
Hibernate: 
    select
        sp1_0.id,
        sp1_0.bench_fee,
        sp1_0.category_id,
        sp1_0.created_at,
        sp1_0.description,
        sp1_0.starting_price,
        sp1_0.travel_fee,
        sp1_0.updated_at 
    from
        service_price sp1_0
Hibernate: 
    select
        c1_0.category_id,
        c1_0.categoryName,
        c1_0.description,
        c1_0.icon 
    from
        category c1_0 
    where
        c1_0.category_id=?
Hibernate: 
    select
        c1_0.category_id,
        c1_0.categoryName,
        c1_0.description,
        c1_0.icon 
    from
        category c1_0 
    where
        c1_0.category_id=?
Hibernate: 
    select
        c1_0.category_id,
        c1_0.categoryName,
        c1_0.description,
        c1_0.icon 
    from
        category c1_0 
    where
        c1_0.category_id=?
Hibernate: 
    select
        c1_0.category_id,
        c1_0.categoryName,
        c1_0.description,
        c1_0.icon 
    from
        category c1_0 
    where
        c1_0.category_id=?
Hibernate: 
    select
        c1_0.category_id,
        c1_0.categoryName,
        c1_0.description,
        c1_0.icon 
    from
        category c1_0 
    where
        c1_0.category_id=?
